Archive member included to satisfy reference by file (symbol)

c:/nxp/mcuxpressoide_10.2.0_759/ide/tools/bin/../lib/gcc/arm-none-eabi/7.2.1/../../../../arm-none-eabi/lib/thumb/v7e-m/fpv4-sp/hard\libcr_c.a(fpprintf.o)
                              ./source/gpio.o (printf)
c:/nxp/mcuxpressoide_10.2.0_759/ide/tools/bin/../lib/gcc/arm-none-eabi/7.2.1/../../../../arm-none-eabi/lib/thumb/v7e-m/fpv4-sp/hard\libcr_c.a(printf.o)
                              c:/nxp/mcuxpressoide_10.2.0_759/ide/tools/bin/../lib/gcc/arm-none-eabi/7.2.1/../../../../arm-none-eabi/lib/thumb/v7e-m/fpv4-sp/hard\libcr_c.a(fpprintf.o) (__vfprintf)
c:/nxp/mcuxpressoide_10.2.0_759/ide/tools/bin/../lib/gcc/arm-none-eabi/7.2.1/../../../../arm-none-eabi/lib/thumb/v7e-m/fpv4-sp/hard\libcr_c.a(strlen.o)
                              c:/nxp/mcuxpressoide_10.2.0_759/ide/tools/bin/../lib/gcc/arm-none-eabi/7.2.1/../../../../arm-none-eabi/lib/thumb/v7e-m/fpv4-sp/hard\libcr_c.a(printf.o) (strlen)
c:/nxp/mcuxpressoide_10.2.0_759/ide/tools/bin/../lib/gcc/arm-none-eabi/7.2.1/../../../../arm-none-eabi/lib/thumb/v7e-m/fpv4-sp/hard\libcr_c.a(memset.o)
                              c:/nxp/mcuxpressoide_10.2.0_759/ide/tools/bin/../lib/gcc/arm-none-eabi/7.2.1/../../../../arm-none-eabi/lib/thumb/v7e-m/fpv4-sp/hard\libcr_c.a(fpprintf.o) (memset)
c:/nxp/mcuxpressoide_10.2.0_759/ide/tools/bin/../lib/gcc/arm-none-eabi/7.2.1/../../../../arm-none-eabi/lib/thumb/v7e-m/fpv4-sp/hard\libcr_c.a(_deferredlazyseek.o)
                              c:/nxp/mcuxpressoide_10.2.0_759/ide/tools/bin/../lib/gcc/arm-none-eabi/7.2.1/../../../../arm-none-eabi/lib/thumb/v7e-m/fpv4-sp/hard\libcr_c.a(fpprintf.o) (__flsbuf)
c:/nxp/mcuxpressoide_10.2.0_759/ide/tools/bin/../lib/gcc/arm-none-eabi/7.2.1/../../../../arm-none-eabi/lib/thumb/v7e-m/fpv4-sp/hard\libcr_c.a(_fflush.o)
                              c:/nxp/mcuxpressoide_10.2.0_759/ide/tools/bin/../lib/gcc/arm-none-eabi/7.2.1/../../../../arm-none-eabi/lib/thumb/v7e-m/fpv4-sp/hard\libcr_c.a(_deferredlazyseek.o) (_fflush)
c:/nxp/mcuxpressoide_10.2.0_759/ide/tools/bin/../lib/gcc/arm-none-eabi/7.2.1/../../../../arm-none-eabi/lib/thumb/v7e-m/fpv4-sp/hard\libcr_c.a(_frexpl.o)
                              c:/nxp/mcuxpressoide_10.2.0_759/ide/tools/bin/../lib/gcc/arm-none-eabi/7.2.1/../../../../arm-none-eabi/lib/thumb/v7e-m/fpv4-sp/hard\libcr_c.a(fpprintf.o) (_frexpl)
c:/nxp/mcuxpressoide_10.2.0_759/ide/tools/bin/../lib/gcc/arm-none-eabi/7.2.1/../../../../arm-none-eabi/lib/thumb/v7e-m/fpv4-sp/hard\libcr_c.a(_ldexpl.o)
                              c:/nxp/mcuxpressoide_10.2.0_759/ide/tools/bin/../lib/gcc/arm-none-eabi/7.2.1/../../../../arm-none-eabi/lib/thumb/v7e-m/fpv4-sp/hard\libcr_c.a(fpprintf.o) (_ldexpl)
c:/nxp/mcuxpressoide_10.2.0_759/ide/tools/bin/../lib/gcc/arm-none-eabi/7.2.1/../../../../arm-none-eabi/lib/thumb/v7e-m/fpv4-sp/hard\libcr_c.a(_writebuf.o)
                              c:/nxp/mcuxpressoide_10.2.0_759/ide/tools/bin/../lib/gcc/arm-none-eabi/7.2.1/../../../../arm-none-eabi/lib/thumb/v7e-m/fpv4-sp/hard\libcr_c.a(_deferredlazyseek.o) (_Cwritebuf)
c:/nxp/mcuxpressoide_10.2.0_759/ide/tools/bin/../lib/gcc/arm-none-eabi/7.2.1/../../../../arm-none-eabi/lib/thumb/v7e-m/fpv4-sp/hard\libcr_c.a(alloc.o)
                              c:/nxp/mcuxpressoide_10.2.0_759/ide/tools/bin/../lib/gcc/arm-none-eabi/7.2.1/../../../../arm-none-eabi/lib/thumb/v7e-m/fpv4-sp/hard\libcr_c.a(fpprintf.o) (malloc)
c:/nxp/mcuxpressoide_10.2.0_759/ide/tools/bin/../lib/gcc/arm-none-eabi/7.2.1/../../../../arm-none-eabi/lib/thumb/v7e-m/fpv4-sp/hard\libcr_c.a(errno.o)
                              c:/nxp/mcuxpressoide_10.2.0_759/ide/tools/bin/../lib/gcc/arm-none-eabi/7.2.1/../../../../arm-none-eabi/lib/thumb/v7e-m/fpv4-sp/hard\libcr_c.a(_ldexpl.o) (errno)
c:/nxp/mcuxpressoide_10.2.0_759/ide/tools/bin/../lib/gcc/arm-none-eabi/7.2.1/../../../../arm-none-eabi/lib/thumb/v7e-m/fpv4-sp/hard\libcr_c.a(fseek.o)
                              c:/nxp/mcuxpressoide_10.2.0_759/ide/tools/bin/../lib/gcc/arm-none-eabi/7.2.1/../../../../arm-none-eabi/lib/thumb/v7e-m/fpv4-sp/hard\libcr_c.a(_deferredlazyseek.o) (fseek)
c:/nxp/mcuxpressoide_10.2.0_759/ide/tools/bin/../lib/gcc/arm-none-eabi/7.2.1/../../../../arm-none-eabi/lib/thumb/v7e-m/fpv4-sp/hard\libcr_c.a(ftell.o)
                              c:/nxp/mcuxpressoide_10.2.0_759/ide/tools/bin/../lib/gcc/arm-none-eabi/7.2.1/../../../../arm-none-eabi/lib/thumb/v7e-m/fpv4-sp/hard\libcr_c.a(fseek.o) (ftell)
c:/nxp/mcuxpressoide_10.2.0_759/ide/tools/bin/../lib/gcc/arm-none-eabi/7.2.1/../../../../arm-none-eabi/lib/thumb/v7e-m/fpv4-sp/hard\libcr_c.a(memcpy.o)
                              c:/nxp/mcuxpressoide_10.2.0_759/ide/tools/bin/../lib/gcc/arm-none-eabi/7.2.1/../../../../arm-none-eabi/lib/thumb/v7e-m/fpv4-sp/hard\libcr_c.a(alloc.o) (memcpy)
c:/nxp/mcuxpressoide_10.2.0_759/ide/tools/bin/../lib/gcc/arm-none-eabi/7.2.1/../../../../arm-none-eabi/lib/thumb/v7e-m/fpv4-sp/hard\libcr_c.a(__init_alloc.o)
[...]
Memory Configuration

Name             Origin             Length             Attributes
PROGRAM_FLASH    0x00000000         0x00100000         xr
SRAM_UPPER       0x20000000         0x00030000         xrw
SRAM_LOWER       0x1fff0000         0x00010000         xrw
FLEX_RAM         0x14000000         0x00001000         xrw
*default*        0x00000000         0xffffffff

Linker script and memory map

LOAD ./source/App.o
LOAD ./source/gpio.o
LOAD ./source/uart_drv.o
LOAD ./SDK/startup/hardware.o
LOAD ./SDK/startup/main.o
LOAD ./SDK/startup/semihost_hardfault.o
LOAD ./SDK/startup/startup_mk64f12.o
LOAD ./SDK/CMSIS/system_MK64F12.o
START GROUP
LOAD c:/nxp/mcuxpressoide_10.2.0_759/ide/tools/bin/../lib/gcc/arm-none-eabi/7.2.1/../../../../arm-none-eabi/lib/thumb/v7e-m/fpv4-sp/hard\libcr_semihost.a
LOAD c:/nxp/mcuxpressoide_10.2.0_759/ide/tools/bin/../lib/gcc/arm-none-eabi/7.2.1/../../../../arm-none-eabi/lib/thumb/v7e-m/fpv4-sp/hard\libcr_c.a
LOAD c:/nxp/mcuxpressoide_10.2.0_759/ide/tools/bin/../lib/gcc/arm-none-eabi/7.2.1/thumb/v7e-m/fpv4-sp/hard\libcr_eabihelpers.a
END GROUP
                0x00000000                __base_PROGRAM_FLASH = 0x0
                0x00000000                __base_Flash = 0x0
                0x00100000                __top_PROGRAM_FLASH = 0x100000
                0x00100000                __top_Flash = 0x100000
                0x20000000                __base_SRAM_UPPER = 0x20000000
                0x20000000                __base_RAM = 0x20000000
                0x20030000                __top_SRAM_UPPER = 0x20030000
                0x20030000                __top_RAM = 0x20030000
                0x1fff0000                __base_SRAM_LOWER = 0x1fff0000
                0x1fff0000                __base_RAM2 = 0x1fff0000
                0x20000000                __top_SRAM_LOWER = 0x20000000
                0x20000000                __top_RAM2 = 0x20000000
                0x14000000                __base_FLEX_RAM = 0x14000000
                0x14000000                __base_RAM3 = 0x14000000
                0x14001000                __top_FLEX_RAM = 0x14001000
                0x14001000                __top_RAM3 = 0x14001000

.text           0x00000000      0xf00
 FILL mask 0xff
                0x00000000                __vectors_start__ = ABSOLUTE (.)
 *(SORT_BY_ALIGNMENT(.isr_vector))
 .isr_vector    0x00000000      0x198 ./SDK/startup/startup_mk64f12.o
                0x00000000                g_pfnVectors
                0x00000000                __Vectors
                0x00000198                . = ALIGN (0x4)
                0x00000198                __section_table_start = .
                0x00000198                __data_section_table = .
                0x00000198        0x4 LONG 0xf00 LOADADDR (.data)
                0x0000019c        0x4 LONG 0x20000000 ADDR (.data)
                0x000001a0        0x4 LONG 0x10 SIZEOF (.data)
                0x000001a4        0x4 LONG 0xf00 LOADADDR (.data_RAM2)
                0x000001a8        0x4 LONG 0x1fff0000 ADDR (.data_RAM2)
                0x000001ac        0x4 LONG 0x0 SIZEOF (.data_RAM2)
                0x000001b0        0x4 LONG 0xf00 LOADADDR (.data_RAM3)
                0x000001b4        0x4 LONG 0x14000000 ADDR (.data_RAM3)
                0x000001b8        0x4 LONG 0x0 SIZEOF (.data_RAM3)
                0x000001bc                __data_section_table_end = .
                0x000001bc                __bss_section_table = .
                0x000001bc        0x4 LONG 0x20000010 ADDR (.bss)
                0x000001c0        0x4 LONG 0x308 SIZEOF (.bss)
                0x000001c4        0x4 LONG 0x1fff0000 ADDR (.bss_RAM2)
                0x000001c8        0x4 LONG 0x0 SIZEOF (.bss_RAM2)
                0x000001cc        0x4 LONG 0x14000000 ADDR (.bss_RAM3)
                0x000001d0        0x4 LONG 0x0 SIZEOF (.bss_RAM3)
                0x000001d4                __bss_section_table_end = .
                0x000001d4                __section_table_end = .
 *(SORT_BY_ALIGNMENT(.after_vectors*))
 .after_vectors.reset
                0x000001d4       0x4c ./SDK/startup/startup_mk64f12.o
                0x000001d4                ResetISR
 .after_vectors.init_data
                0x00000220       0x1e ./SDK/startup/startup_mk64f12.o
                0x00000220                data_init
 .after_vectors.init_bss
                0x0000023e       0x12 ./SDK/startup/startup_mk64f12.o
                0x0000023e                bss_init
 .after_vectors
                0x00000250       0x14 ./SDK/startup/startup_mk64f12.o
                0x00000250                NMI_Handler
                0x00000254                MemManage_Handler
                0x00000256                BusFault_Handler
                0x00000258                UsageFault_Handler
                0x0000025a                SVC_Handler
                0x0000025c                DebugMon_Handler
                0x0000025e                PendSV_Handler
                0x00000260                SysTick_Handler
                0x00000262                DMA_Error_DriverIRQHandler
                0x00000262                LPTMR0_DriverIRQHandler
                0x00000262                FTM1_DriverIRQHandler
                0x00000262                FTM2_DriverIRQHandler
                0x00000262                PIT2_DriverIRQHandler
                0x00000262                SDHC_DriverIRQHandler
                0x00000262                I2S0_Tx_DriverIRQHandler
                0x00000262                RTC_Seconds_DriverIRQHandler
                0x00000262                DMA6_DriverIRQHandler
                0x00000262                LLWU_DriverIRQHandler
                0x00000262                MCM_DriverIRQHandler
                0x00000262                MCG_DriverIRQHandler
                0x00000262                ENET_1588_Timer_DriverIRQHandler
                0x00000262                I2C2_DriverIRQHandler
                0x00000262                DAC1_DriverIRQHandler
                0x00000262                SPI1_DriverIRQHandler
                0x00000262                CMP1_DriverIRQHandler
                0x00000262                UART5_RX_TX_DriverIRQHandler
                0x00000262                FTM0_DriverIRQHandler
                0x00000262                IntDefaultHandler
                0x00000262                USB0_DriverIRQHandler
                0x00000262                UART5_ERR_DriverIRQHandler
                0x00000262                PORTC_DriverIRQHandler
                0x00000262                DMA11_DriverIRQHandler
                0x00000262                DAC0_DriverIRQHandler
                0x00000262                DMA10_DriverIRQHandler
                0x00000262                CMP2_DriverIRQHandler
                0x00000262                UART2_ERR_DriverIRQHandler
                0x00000262                SPI2_DriverIRQHandler
                0x00000262                LVD_LVW_DriverIRQHandler
                0x00000262                PIT0_DriverIRQHandler
                0x00000262                RNG_DriverIRQHandler
                0x00000262                DMA12_DriverIRQHandler
                0x00000262                DMA4_DriverIRQHandler
                0x00000262                UART2_RX_TX_DriverIRQHandler
                0x00000262                USBDCD_DriverIRQHandler
                0x00000262                UART3_ERR_DriverIRQHandler
                0x00000262                DMA3_DriverIRQHandler
                0x00000262                DMA8_DriverIRQHandler
                0x00000262                DMA9_DriverIRQHandler
                0x00000262                UART0_ERR_DriverIRQHandler
                0x00000262                CMT_DriverIRQHandler
                0x00000262                Reserved71_DriverIRQHandler
                0x00000262                ADC1_DriverIRQHandler
                0x00000262                PORTA_DriverIRQHandler
                0x00000262                DMA14_DriverIRQHandler
                0x00000262                PIT3_DriverIRQHandler
                0x00000262                PIT1_DriverIRQHandler
                0x00000262                WDOG_EWM_DriverIRQHandler
                0x00000262                PDB0_DriverIRQHandler
                0x00000262                RTC_DriverIRQHandler
                0x00000262                I2S0_Rx_DriverIRQHandler
                0x00000262                Read_Collision_DriverIRQHandler
                0x00000262                SWI_DriverIRQHandler
                0x00000262                UART4_RX_TX_DriverIRQHandler
                0x00000262                UART4_ERR_DriverIRQHandler
                0x00000262                PORTB_DriverIRQHandler
                0x00000262                UART0_LON_DriverIRQHandler
                0x00000262                DMA0_DriverIRQHandler
                0x00000262                DMA1_DriverIRQHandler
                0x00000262                I2C1_DriverIRQHandler
                0x00000262                UART3_RX_TX_DriverIRQHandler
                0x00000262                ENET_Receive_DriverIRQHandler
                0x00000262                DMA13_DriverIRQHandler
                0x00000262                ENET_Error_DriverIRQHandler
                0x00000262                DMA15_DriverIRQHandler
                0x00000262                UART0_RX_TX_DriverIRQHandler
                0x00000262                SPI0_DriverIRQHandler
                0x00000262                ADC0_DriverIRQHandler
                0x00000262                CMP0_DriverIRQHandler
                0x00000262                CAN0_DriverIRQHandler
                0x00000262                FTM3_DriverIRQHandler
                0x00000262                DMA5_DriverIRQHandler
                0x00000262                UART1_ERR_DriverIRQHandler
                0x00000262                DMA2_DriverIRQHandler
                0x00000262                ENET_Transmit_DriverIRQHandler
                0x00000262                PORTD_DriverIRQHandler
                0x00000262                PORTE_DriverIRQHandler
                0x00000262                FTFE_DriverIRQHandler
                0x00000262                I2C0_DriverIRQHandler
                0x00000262                DMA7_DriverIRQHandler
                0x00000262                UART1_RX_TX_DriverIRQHandler
                0x00000400                . = 0x400
 *fill*         0x00000264      0x19c ff
                0x00000400                PROVIDE (__FLASH_CONFIG_START__, .)
 *(SORT_BY_ALIGNMENT(.FlashConfig))
 .FlashConfig   0x00000400       0x10 ./SDK/startup/startup_mk64f12.o
                0x00000400                Flash_Config
                0x00000410                PROVIDE (__FLASH_CONFIG_END__, .)
                0x00000001                ASSERT (! ((__FLASH_CONFIG_START__ == __FLASH_CONFIG_END__)), Linker Flash Config Support Enabled, but no .FlashConfig section provided within application)
 *(SORT_BY_ALIGNMENT(.text*))
 .text.App_Run  0x00000410       0x30 ./source/App.o
                0x00000410                App_Run
 .text.IRQs_Handler
                0x00000440       0x20 ./source/gpio.o
                0x00000440                IRQs_Handler
 .text.Search_ISF
                0x00000460      0x148 ./source/gpio.o
                0x00000460                Search_ISF
 .text.PORTA_IRQHandler
                0x000005a8       0x44 ./source/gpio.o
                0x000005a8                PORTA_IRQHandler
 .text.PORTB_IRQHandler
                0x000005ec       0x48 ./source/gpio.o
                0x000005ec                PORTB_IRQHandler
 .text.PORTC_IRQHandler
                0x00000634       0x48 ./source/gpio.o
                0x00000634                PORTC_IRQHandler
 .text.PORTD_IRQHandler
                0x0000067c       0x48 ./source/gpio.o
                0x0000067c                PORTD_IRQHandler
 .text.PORTE_IRQHandler
                0x000006c4       0x48 ./source/gpio.o
                0x000006c4                PORTE_IRQHandler
 .text.__NVIC_EnableIRQ
                0x0000070c       0x3c ./source/uart_drv.o
 .text.__NVIC_DisableIRQ
                0x00000748       0x44 ./source/uart_drv.o
 .text.__NVIC_SetPriority
                0x0000078c       0x54 ./source/uart_drv.o
 .text.UART_Init
                0x000007e0       0xb0 ./source/uart_drv.o
                0x000007e0                UART_Init
 .text.UART0_RX_TX_IRQHandler
                0x00000890       0x70 ./source/uart_drv.o
                0x00000890                UART0_RX_TX_IRQHandler
 .text.UART0_ERR_IRQHandler
                0x00000900       0x20 ./source/uart_drv.o
                0x00000900                UART0_ERR_IRQHandler
 .text.UART_SetBaudRate
                0x00000920       0xb8 ./source/uart_drv.o
                0x00000920                UART_SetBaudRate
 .text.UART_Send_Data
                0x000009d8       0x60 ./source/uart_drv.o
                0x000009d8                UART_Send_Data
 .text.hw_Init  0x00000a38      0x10c ./SDK/startup/hardware.o
                0x00000a38                hw_Init
 .text.hw_EnableInterrupts
                0x00000b44       0x30 ./SDK/startup/hardware.o
                0x00000b44                hw_EnableInterrupts
 .text.hw_DisableInterrupts
                0x00000b74       0x20 ./SDK/startup/hardware.o
                0x00000b74                hw_DisableInterrupts
 .text.SystemInit
                0x00000b94       0x3c ./SDK/CMSIS/system_MK64F12.o
                0x00000b94                SystemInit
 .text.App_Init
                0x00000bd0        0xc ./source/App.o
                0x00000bd0                App_Init
 .text.enable_UART_int
                0x00000bdc       0x24 ./source/uart_drv.o
                0x00000bdc                enable_UART_int
 .text.disable_UART_int
                0x00000c00       0x14 ./source/uart_drv.o
                0x00000c00                disable_UART_int
 .text.main     0x00000c14       0x1a ./SDK/startup/main.o
                0x00000c14                main
 .text.HardFault_Handler
                0x00000c2e       0x2c ./SDK/startup/semihost_hardfault.o
                0x00000c2e                HardFault_Handler
 .text.DMA0_IRQHandler
                0x00000c5a        0x8 ./SDK/startup/startup_mk64f12.o
                0x00000c5a                DMA0_IRQHandler
 .text.DMA1_IRQHandler
                0x00000c62        0x8 ./SDK/startup/startup_mk64f12.o
                0x00000c62                DMA1_IRQHandler
 .text.DMA2_IRQHandler
                0x00000c6a        0x8 ./SDK/startup/startup_mk64f12.o
                0x00000c6a                DMA2_IRQHandler
 .text.DMA3_IRQHandler
                0x00000c72        0x8 ./SDK/startup/startup_mk64f12.o
                0x00000c72                DMA3_IRQHandler
 .text.DMA4_IRQHandler
                0x00000c7a        0x8 ./SDK/startup/startup_mk64f12.o
                0x00000c7a                DMA4_IRQHandler
 .text.DMA5_IRQHandler
                0x00000c82        0x8 ./SDK/startup/startup_mk64f12.o
                0x00000c82                DMA5_IRQHandler
 .text.DMA6_IRQHandler
                0x00000c8a        0x8 ./SDK/startup/startup_mk64f12.o
                0x00000c8a                DMA6_IRQHandler
 .text.DMA7_IRQHandler
                0x00000c92        0x8 ./SDK/startup/startup_mk64f12.o
                0x00000c92                DMA7_IRQHandler
 .text.DMA8_IRQHandler
                0x00000c9a        0x8 ./SDK/startup/startup_mk64f12.o
                0x00000c9a                DMA8_IRQHandler
 .text.DMA9_IRQHandler
                0x00000ca2        0x8 ./SDK/startup/startup_mk64f12.o
                0x00000ca2                DMA9_IRQHandler
 .text.DMA10_IRQHandler
                0x00000caa        0x8 ./SDK/startup/startup_mk64f12.o
                0x00000caa                DMA10_IRQHandler
 .text.DMA11_IRQHandler
                0x00000cb2        0x8 ./SDK/startup/startup_mk64f12.o
                0x00000cb2                DMA11_IRQHandler
 .text.DMA12_IRQHandler
                0x00000cba        0x8 ./SDK/startup/startup_mk64f12.o
                0x00000cba                DMA12_IRQHandler
 .text.DMA13_IRQHandler
                0x00000cc2        0x8 ./SDK/startup/startup_mk64f12.o
                0x00000cc2                DMA13_IRQHandler
 .text.DMA14_IRQHandler
                0x00000cca        0x8 ./SDK/startup/startup_mk64f12.o
                0x00000cca                DMA14_IRQHandler
 .text.DMA15_IRQHandler
                0x00000cd2        0x8 ./SDK/startup/startup_mk64f12.o
                0x00000cd2                DMA15_IRQHandler
 .text.DMA_Error_IRQHandler
                0x00000cda        0x8 ./SDK/startup/startup_mk64f12.o
                0x00000cda                DMA_Error_IRQHandler
 .text.MCM_IRQHandler
                0x00000ce2        0x8 ./SDK/startup/startup_mk64f12.o
                0x00000ce2                MCM_IRQHandler
 .text.FTFE_IRQHandler
                0x00000cea        0x8 ./SDK/startup/startup_mk64f12.o
                0x00000cea                FTFE_IRQHandler
 .text.Read_Collision_IRQHandler
                0x00000cf2        0x8 ./SDK/startup/startup_mk64f12.o
                0x00000cf2                Read_Collision_IRQHandler
 .text.LVD_LVW_IRQHandler
                0x00000cfa        0x8 ./SDK/startup/startup_mk64f12.o
                0x00000cfa                LVD_LVW_IRQHandler
 .text.LLWU_IRQHandler
                0x00000d02        0x8 ./SDK/startup/startup_mk64f12.o
                0x00000d02                LLWU_IRQHandler
 .text.WDOG_EWM_IRQHandler
                0x00000d0a        0x8 ./SDK/startup/startup_mk64f12.o
                0x00000d0a                WDOG_EWM_IRQHandler
 .text.RNG_IRQHandler
                0x00000d12        0x8 ./SDK/startup/startup_mk64f12.o
                0x00000d12                RNG_IRQHandler
 .text.I2C0_IRQHandler
                0x00000d1a        0x8 ./SDK/startup/startup_mk64f12.o
                0x00000d1a                I2C0_IRQHandler
 .text.I2C1_IRQHandler
                0x00000d22        0x8 ./SDK/startup/startup_mk64f12.o
                0x00000d22                I2C1_IRQHandler
 .text.SPI0_IRQHandler
                0x00000d2a        0x8 ./SDK/startup/startup_mk64f12.o
                0x00000d2a                SPI0_IRQHandler
 .text.SPI1_IRQHandler
                0x00000d32        0x8 ./SDK/startup/startup_mk64f12.o
                0x00000d32                SPI1_IRQHandler
 .text.I2S0_Tx_IRQHandler
                0x00000d3a        0x8 ./SDK/startup/startup_mk64f12.o
                0x00000d3a                I2S0_Tx_IRQHandler
 .text.I2S0_Rx_IRQHandler
                0x00000d42        0x8 ./SDK/startup/startup_mk64f12.o
                0x00000d42                I2S0_Rx_IRQHandler
 .text.UART0_LON_IRQHandler
                0x00000d4a        0x8 ./SDK/startup/startup_mk64f12.o
                0x00000d4a                UART0_LON_IRQHandler
 .text.UART1_RX_TX_IRQHandler
                0x00000d52        0x8 ./SDK/startup/startup_mk64f12.o
                0x00000d52                UART1_RX_TX_IRQHandler
 .text.UART1_ERR_IRQHandler
                0x00000d5a        0x8 ./SDK/startup/startup_mk64f12.o
                0x00000d5a                UART1_ERR_IRQHandler
 .text.UART2_RX_TX_IRQHandler
                0x00000d62        0x8 ./SDK/startup/startup_mk64f12.o
                0x00000d62                UART2_RX_TX_IRQHandler
 .text.UART2_ERR_IRQHandler
                0x00000d6a        0x8 ./SDK/startup/startup_mk64f12.o
                0x00000d6a                UART2_ERR_IRQHandler
 .text.UART3_RX_TX_IRQHandler
                0x00000d72        0x8 ./SDK/startup/startup_mk64f12.o
                0x00000d72                UART3_RX_TX_IRQHandler
 .text.UART3_ERR_IRQHandler
                0x00000d7a        0x8 ./SDK/startup/startup_mk64f12.o
                0x00000d7a                UART3_ERR_IRQHandler
 .text.ADC0_IRQHandler
                0x00000d82        0x8 ./SDK/startup/startup_mk64f12.o
                0x00000d82                ADC0_IRQHandler
 .text.CMP0_IRQHandler
                0x00000d8a        0x8 ./SDK/startup/startup_mk64f12.o
                0x00000d8a                CMP0_IRQHandler
 .text.CMP1_IRQHandler
                0x00000d92        0x8 ./SDK/startup/startup_mk64f12.o
                0x00000d92                CMP1_IRQHandler
 .text.FTM0_IRQHandler
                0x00000d9a        0x8 ./SDK/startup/startup_mk64f12.o
                0x00000d9a                FTM0_IRQHandler
 .text.FTM1_IRQHandler
                0x00000da2        0x8 ./SDK/startup/startup_mk64f12.o
                0x00000da2                FTM1_IRQHandler
 .text.FTM2_IRQHandler
                0x00000daa        0x8 ./SDK/startup/startup_mk64f12.o
                0x00000daa                FTM2_IRQHandler
 .text.CMT_IRQHandler
                0x00000db2        0x8 ./SDK/startup/startup_mk64f12.o
                0x00000db2                CMT_IRQHandler
 .text.RTC_IRQHandler
                0x00000dba        0x8 ./SDK/startup/startup_mk64f12.o
                0x00000dba                RTC_IRQHandler
 .text.RTC_Seconds_IRQHandler
                0x00000dc2        0x8 ./SDK/startup/startup_mk64f12.o
                0x00000dc2                RTC_Seconds_IRQHandler
 .text.PIT0_IRQHandler
                0x00000dca        0x8 ./SDK/startup/startup_mk64f12.o
                0x00000dca                PIT0_IRQHandler
 .text.PIT1_IRQHandler
                0x00000dd2        0x8 ./SDK/startup/startup_mk64f12.o
                0x00000dd2                PIT1_IRQHandler
 .text.PIT2_IRQHandler
                0x00000dda        0x8 ./SDK/startup/startup_mk64f12.o
                0x00000dda                PIT2_IRQHandler
 .text.PIT3_IRQHandler
                0x00000de2        0x8 ./SDK/startup/startup_mk64f12.o
                0x00000de2                PIT3_IRQHandler
 .text.PDB0_IRQHandler
                0x00000dea        0x8 ./SDK/startup/startup_mk64f12.o
                0x00000dea                PDB0_IRQHandler
 .text.USB0_IRQHandler
                0x00000df2        0x8 ./SDK/startup/startup_mk64f12.o
                0x00000df2                USB0_IRQHandler
 .text.USBDCD_IRQHandler
                0x00000dfa        0x8 ./SDK/startup/startup_mk64f12.o
                0x00000dfa                USBDCD_IRQHandler
 .text.Reserved71_IRQHandler
                0x00000e02        0x8 ./SDK/startup/startup_mk64f12.o
                0x00000e02                Reserved71_IRQHandler
 .text.DAC0_IRQHandler
                0x00000e0a        0x8 ./SDK/startup/startup_mk64f12.o
                0x00000e0a                DAC0_IRQHandler
 .text.MCG_IRQHandler
                0x00000e12        0x8 ./SDK/startup/startup_mk64f12.o
                0x00000e12                MCG_IRQHandler
 .text.LPTMR0_IRQHandler
                0x00000e1a        0x8 ./SDK/startup/startup_mk64f12.o
                0x00000e1a                LPTMR0_IRQHandler
 .text.SWI_IRQHandler
                0x00000e22        0x8 ./SDK/startup/startup_mk64f12.o
                0x00000e22                SWI_IRQHandler
 .text.SPI2_IRQHandler
                0x00000e2a        0x8 ./SDK/startup/startup_mk64f12.o
                0x00000e2a                SPI2_IRQHandler
 .text.UART4_RX_TX_IRQHandler
                0x00000e32        0x8 ./SDK/startup/startup_mk64f12.o
                0x00000e32                UART4_RX_TX_IRQHandler
 .text.UART4_ERR_IRQHandler
                0x00000e3a        0x8 ./SDK/startup/startup_mk64f12.o
                0x00000e3a                UART4_ERR_IRQHandler
 .text.UART5_RX_TX_IRQHandler
                0x00000e42        0x8 ./SDK/startup/startup_mk64f12.o
                0x00000e42                UART5_RX_TX_IRQHandler
 .text.UART5_ERR_IRQHandler
                0x00000e4a        0x8 ./SDK/startup/startup_mk64f12.o
                0x00000e4a                UART5_ERR_IRQHandler
 .text.CMP2_IRQHandler
                0x00000e52        0x8 ./SDK/startup/startup_mk64f12.o
                0x00000e52                CMP2_IRQHandler
 .text.FTM3_IRQHandler
                0x00000e5a        0x8 ./SDK/startup/startup_mk64f12.o
                0x00000e5a                FTM3_IRQHandler
 .text.DAC1_IRQHandler
                0x00000e62        0x8 ./SDK/startup/startup_mk64f12.o
                0x00000e62                DAC1_IRQHandler
 .text.ADC1_IRQHandler
                0x00000e6a        0x8 ./SDK/startup/startup_mk64f12.o
                0x00000e6a                ADC1_IRQHandler
 .text.I2C2_IRQHandler
                0x00000e72        0x8 ./SDK/startup/startup_mk64f12.o
                0x00000e72                I2C2_IRQHandler
 .text.CAN0_ORed_Message_buffer_IRQHandler
                0x00000e7a        0x8 ./SDK/startup/startup_mk64f12.o
                0x00000e7a                CAN0_ORed_Message_buffer_IRQHandler
 .text.CAN0_Bus_Off_IRQHandler
                0x00000e82        0x8 ./SDK/startup/startup_mk64f12.o
                0x00000e82                CAN0_Bus_Off_IRQHandler
 .text.CAN0_Error_IRQHandler
                0x00000e8a        0x8 ./SDK/startup/startup_mk64f12.o
                0x00000e8a                CAN0_Error_IRQHandler
 .text.CAN0_Tx_Warning_IRQHandler
                0x00000e92        0x8 ./SDK/startup/startup_mk64f12.o
                0x00000e92                CAN0_Tx_Warning_IRQHandler
 .text.CAN0_Rx_Warning_IRQHandler
                0x00000e9a        0x8 ./SDK/startup/startup_mk64f12.o
                0x00000e9a                CAN0_Rx_Warning_IRQHandler
 .text.CAN0_Wake_Up_IRQHandler
                0x00000ea2        0x8 ./SDK/startup/startup_mk64f12.o
                0x00000ea2                CAN0_Wake_Up_IRQHandler
 .text.SDHC_IRQHandler
                0x00000eaa        0x8 ./SDK/startup/startup_mk64f12.o
                0x00000eaa                SDHC_IRQHandler
 .text.ENET_1588_Timer_IRQHandler
                0x00000eb2        0x8 ./SDK/startup/startup_mk64f12.o
                0x00000eb2                ENET_1588_Timer_IRQHandler
 .text.ENET_Transmit_IRQHandler
                0x00000eba        0x8 ./SDK/startup/startup_mk64f12.o
                0x00000eba                ENET_Transmit_IRQHandler
 .text.ENET_Receive_IRQHandler
                0x00000ec2        0x8 ./SDK/startup/startup_mk64f12.o
                0x00000ec2                ENET_Receive_IRQHandler
 .text.ENET_Error_IRQHandler
                0x00000eca        0x8 ./SDK/startup/startup_mk64f12.o
                0x00000eca                ENET_Error_IRQHandler
 .text.SystemInitHook
                0x00000ed2        0xe ./SDK/CMSIS/system_MK64F12.o
                0x00000ed2                SystemInitHook
 *(SORT_BY_ALIGNMENT(.rodata) SORT_BY_ALIGNMENT(.rodata.*) SORT_BY_ALIGNMENT(.constdata) SORT_BY_ALIGNMENT(.constdata.*))
 .rodata        0x00000ee0       0x1b ./source/App.o
                0x00000f00                . = ALIGN (0x8)
 *fill*         0x00000efb        0x5 ff

.glue_7         0x00000f00        0x0
 .glue_7        0x00000f00        0x0 linker stubs

.glue_7t        0x00000f00        0x0
 .glue_7t       0x00000f00        0x0 linker stubs

.vfp11_veneer   0x00000f00        0x0
 .vfp11_veneer  0x00000f00        0x0 linker stubs

.v4_bx          0x00000f00        0x0
 .v4_bx         0x00000f00        0x0 linker stubs

.iplt           0x00000f00        0x0
 .iplt          0x00000f00        0x0 ./source/App.o

.rel.dyn        0x00000f00        0x0
 .rel.iplt      0x00000f00        0x0 ./source/App.o

.ARM.extab
 *(SORT_BY_ALIGNMENT(.ARM.extab*) SORT_BY_ALIGNMENT(.gnu.linkonce.armextab.*))
                0x00000f00                __exidx_start = .

.ARM.exidx
 *(SORT_BY_ALIGNMENT(.ARM.exidx*) SORT_BY_ALIGNMENT(.gnu.linkonce.armexidx.*))
                0x00000f00                __exidx_end = .
                0x00000f00                _etext = .

.m_usb_data
 *(SORT_BY_ALIGNMENT(m_usb_bdt))

.data_RAM2      0x1fff0000        0x0 load address 0x00000f00
 FILL mask 0xff
                [!provide]                PROVIDE (__start_data_RAM2, .)
 *(SORT_BY_ALIGNMENT(.ramfunc.$RAM2))
 *(SORT_BY_ALIGNMENT(.ramfunc.$SRAM_LOWER))
 *(SORT_BY_ALIGNMENT(.data.$RAM2*))
 *(SORT_BY_ALIGNMENT(.data.$SRAM_LOWER*))
                0x1fff0000                . = ALIGN (0x8)
                [!provide]                PROVIDE (__end_data_RAM2, .)

.data_RAM3      0x14000000        0x0 load address 0x00000f00
 FILL mask 0xff
                [!provide]                PROVIDE (__start_data_RAM3, .)
 *(SORT_BY_ALIGNMENT(.ramfunc.$RAM3))
 *(SORT_BY_ALIGNMENT(.ramfunc.$FLEX_RAM))
 *(SORT_BY_ALIGNMENT(.data.$RAM3*))
 *(SORT_BY_ALIGNMENT(.data.$FLEX_RAM*))
                0x14000000                . = ALIGN (0x8)
                [!provide]                PROVIDE (__end_data_RAM3, .)

.uninit_RESERVED
                0x20000000        0x0
 *(SORT_BY_ALIGNMENT(.bss.$RESERVED*))
                0x20000000                . = ALIGN (0x4)
                0x20000000                _end_uninit_RESERVED = .

.data           0x20000000       0x10 load address 0x00000f00
 FILL mask 0xff
                0x20000000                _data = .
 *(SORT_BY_ALIGNMENT(vtable))
 *(SORT_BY_ALIGNMENT(.ramfunc*))
 *(SORT_BY_ALIGNMENT(.data*))
 .data.input_pointer
                0x20000000        0x4 ./source/uart_drv.o
 .data.output_pointer
                0x20000004        0x4 ./source/uart_drv.o
 .data.test.6819
                0x20000008        0x1 ./source/App.o
                0x20000010                . = ALIGN (0x8)
 *fill*         0x20000009        0x7 ff
                0x20000010                _edata = .

.igot.plt       0x20000010        0x0 load address 0x00000f10
 .igot.plt      0x20000010        0x0 ./source/App.o

.bss_RAM2       0x1fff0000        0x0
                [!provide]                PROVIDE (__start_bss_RAM2, .)
 *(SORT_BY_ALIGNMENT(.bss.$RAM2*))
 *(SORT_BY_ALIGNMENT(.bss.$SRAM_LOWER*))
                0x1fff0000                . = ALIGN ((. != 0x0)?0x8:0x1)
                [!provide]                PROVIDE (__end_bss_RAM2, .)

.bss_RAM3       0x14000000        0x0
                [!provide]                PROVIDE (__start_bss_RAM3, .)
 *(SORT_BY_ALIGNMENT(.bss.$RAM3*))
 *(SORT_BY_ALIGNMENT(.bss.$FLEX_RAM*))
                0x14000000                . = ALIGN ((. != 0x0)?0x8:0x1)
                [!provide]                PROVIDE (__end_bss_RAM3, .)

.bss            0x20000010      0x308
                0x20000010                _bss = .
 *(SORT_BY_ALIGNMENT(.bss*))
 .bss.CALLBACKS
                0x20000010      0x280 ./source/gpio.o
 .bss.buffer    0x20000290       0x7d ./source/uart_drv.o
 *fill*         0x2000030d        0x3 
 .bss.__LDM_interruptDisableCount
                0x20000310        0x4 ./SDK/startup/hardware.o
 .bss.err       0x20000314        0x1 ./source/uart_drv.o
 *(SORT_BY_ALIGNMENT(COMMON))
                0x20000318                . = ALIGN (0x8)
 *fill*         0x20000315        0x3 
                0x20000318                _ebss = .
                [!provide]                PROVIDE (end, .)

.noinit_RAM2    0x1fff0000        0x0
 *(SORT_BY_ALIGNMENT(.noinit.$RAM2*))
 *(SORT_BY_ALIGNMENT(.noinit.$SRAM_LOWER*))
                0x1fff0000                . = ALIGN (0x8)

.noinit_RAM3    0x14000000        0x0
 *(SORT_BY_ALIGNMENT(.noinit.$RAM3*))
 *(SORT_BY_ALIGNMENT(.noinit.$FLEX_RAM*))
                0x14000000                . = ALIGN (0x8)

.noinit         0x20000318        0x0
                0x20000318                _noinit = .
 *(SORT_BY_ALIGNMENT(.noinit*))
                0x20000318                . = ALIGN (0x8)
                0x20000318                _end_noinit = .
                0x00001000                _HeapSize = 0x1000

.heap           0x20000318     0x1000
                0x20000318                _pvHeapStart = .
                0x20001318                . = (. + _HeapSize)
 *fill*         0x20000318     0x1000 
                0x20001318                . = ALIGN (0x8)
                0x20001318                _pvHeapLimit = .
                0x00001000                _StackSize = 0x1000

.heap2stackfill
                0x20001318     0x1000
                0x20002318                . = (. + _StackSize)
 *fill*         0x20001318     0x1000 

.stack          0x2002f000        0x0
                0x2002f000                _vStackBase = .
                0x2002f000                . = ALIGN (0x8)
                0x20030000                _vStackTop = (. + _StackSize)
                0x00000000                _image_start = LOADADDR (.text)
                0x00000f10                _image_end = (LOADADDR (.data) + SIZEOF (.data))
                0x00000f10                _image_size = (_image_end - _image_start)
OUTPUT(UART_drv.axf elf32-littlearm)

.debug_info     0x00000000     0x4192
 .debug_info    0x00000000      0x12a ./source/App.o
 .debug_info    0x0000012a     0x15e2 ./source/gpio.o
 .debug_info    0x0000170c     0x1473 ./source/uart_drv.o
 .debug_info    0x00002b7f      0x675 ./SDK/startup/hardware.o
 .debug_info    0x000031f4       0xb7 ./SDK/startup/main.o
 .debug_info    0x000032ab       0x3b ./SDK/startup/semihost_hardfault.o
 .debug_info    0x000032e6      0x8b0 ./SDK/startup/startup_mk64f12.o
 .debug_info    0x00003b96      0x5fc ./SDK/CMSIS/system_MK64F12.o

.debug_abbrev   0x00000000      0xb87
 .debug_abbrev  0x00000000       0xdd ./source/App.o
 .debug_abbrev  0x000000dd      0x33b ./source/gpio.o
 .debug_abbrev  0x00000418      0x2f0 ./source/uart_drv.o
 .debug_abbrev  0x00000708      0x138 ./SDK/startup/hardware.o
 .debug_abbrev  0x00000840       0x7d ./SDK/startup/main.o
 .debug_abbrev  0x000008bd       0x2f ./SDK/startup/semihost_hardfault.o
 .debug_abbrev  0x000008ec      0x15c ./SDK/startup/startup_mk64f12.o
 .debug_abbrev  0x00000a48      0x13f ./SDK/CMSIS/system_MK64F12.o

.debug_aranges  0x00000000      0x510
 .debug_aranges
                0x00000000       0x30 ./source/App.o
 .debug_aranges
                0x00000030       0xa8 ./source/gpio.o
 .debug_aranges
                0x000000d8       0x68 ./source/uart_drv.o
 .debug_aranges
                0x00000140       0x30 ./SDK/startup/hardware.o
 .debug_aranges
                0x00000170       0x20 ./SDK/startup/main.o
 .debug_aranges
                0x00000190       0x20 ./SDK/startup/semihost_hardfault.o
 .debug_aranges
                0x000001b0      0x330 ./SDK/startup/startup_mk64f12.o
 .debug_aranges
                0x000004e0       0x30 ./SDK/CMSIS/system_MK64F12.o

.debug_ranges   0x00000000      0x490
 .debug_ranges  0x00000000       0x20 ./source/App.o
 .debug_ranges  0x00000020       0x98 ./source/gpio.o
 .debug_ranges  0x000000b8       0x58 ./source/uart_drv.o
 .debug_ranges  0x00000110       0x20 ./SDK/startup/hardware.o
 .debug_ranges  0x00000130       0x10 ./SDK/startup/main.o
 .debug_ranges  0x00000140       0x10 ./SDK/startup/semihost_hardfault.o
 .debug_ranges  0x00000150      0x320 ./SDK/startup/startup_mk64f12.o
 .debug_ranges  0x00000470       0x20 ./SDK/CMSIS/system_MK64F12.o

.debug_macro    0x00000000    0x207a7
 .debug_macro   0x00000000       0xc6 ./source/App.o
 .debug_macro   0x000000c6      0xa5a ./source/App.o
 .debug_macro   0x00000b20      0x34e ./source/App.o
 .debug_macro   0x00000e6e       0x22 ./source/App.o
 .debug_macro   0x00000e90       0x5c ./source/App.o
 .debug_macro   0x00000eec       0x1c ./source/App.o
 .debug_macro   0x00000f08       0x22 ./source/App.o
 .debug_macro   0x00000f2a       0xdf ./source/App.o
 .debug_macro   0x00001009      0xecf ./source/App.o
 .debug_macro   0x00001ed8       0x48 ./source/App.o
 .debug_macro   0x00001f20     0xe07b ./source/App.o
 .debug_macro   0x0000ff9b       0x3a ./source/App.o
 .debug_macro   0x0000ffd5       0x34 ./source/App.o
 .debug_macro   0x00010009       0x10 ./source/App.o
 .debug_macro   0x00010019     0x122b ./source/App.o
 .debug_macro   0x00011244       0x16 ./source/App.o
 .debug_macro   0x0001125a      0x26e ./source/gpio.o
 .debug_macro   0x000114c8       0x16 ./source/gpio.o
 .debug_macro   0x000114de       0x22 ./source/gpio.o
 .debug_macro   0x00011500       0x52 ./source/gpio.o
 .debug_macro   0x00011552       0x17 ./source/gpio.o
 .debug_macro   0x00011569       0x8d ./source/gpio.o
 .debug_macro   0x000115f6       0x35 ./source/gpio.o
 .debug_macro   0x0001162b       0x9c ./source/gpio.o
 .debug_macro   0x000116c7       0x16 ./source/gpio.o
 .debug_macro   0x000116dd       0x57 ./source/gpio.o
 .debug_macro   0x00011734       0x97 ./source/gpio.o
 .debug_macro   0x000117cb      0x32a ./source/gpio.o
 .debug_macro   0x00011af5       0xfd ./source/gpio.o
 .debug_macro   0x00011bf2       0x10 ./source/gpio.o
 .debug_macro   0x00011c02       0x58 ./source/gpio.o
 .debug_macro   0x00011c5a       0x1f ./source/gpio.o
 .debug_macro   0x00011c79       0x43 ./source/gpio.o
 .debug_macro   0x00011cbc       0x20 ./source/gpio.o
 .debug_macro   0x00011cdc      0x18e ./source/gpio.o
 .debug_macro   0x00011e6a       0x10 ./source/gpio.o
 .debug_macro   0x00011e7a       0x6a ./source/gpio.o
 .debug_macro   0x00011ee4       0x1c ./source/gpio.o
 .debug_macro   0x00011f00       0x52 ./source/gpio.o
 .debug_macro   0x00011f52       0x40 ./source/gpio.o
 .debug_macro   0x00011f92       0x10 ./source/gpio.o
 .debug_macro   0x00011fa2       0x40 ./source/gpio.o
 .debug_macro   0x00011fe2       0xd7 ./source/gpio.o
 .debug_macro   0x000120b9       0x1c ./source/gpio.o
 .debug_macro   0x000120d5       0x3d ./source/gpio.o
 .debug_macro   0x00012112       0x16 ./source/gpio.o
 .debug_macro   0x00012128      0x16f ./source/gpio.o
 .debug_macro   0x00012297      0x247 ./source/uart_drv.o
 .debug_macro   0x000124de       0x5c ./source/uart_drv.o
 .debug_macro   0x0001253a     0xe07b ./source/uart_drv.o
 .debug_macro   0x000205b5       0x9c ./SDK/startup/hardware.o
 .debug_macro   0x00020651       0x9c ./SDK/startup/main.o
 .debug_macro   0x000206ed       0x11 ./SDK/startup/semihost_hardfault.o
 .debug_macro   0x000206fe       0x29 ./SDK/startup/startup_mk64f12.o
 .debug_macro   0x00020727       0x80 ./SDK/CMSIS/system_MK64F12.o

.debug_line     0x00000000     0x18f1
 .debug_line    0x00000000      0x1d3 ./source/App.o
 .debug_line    0x000001d3      0x5e1 ./source/gpio.o
 .debug_line    0x000007b4      0x4fc ./source/uart_drv.o
 .debug_line    0x00000cb0      0x1d4 ./SDK/startup/hardware.o
 .debug_line    0x00000e84      0x175 ./SDK/startup/main.o
 .debug_line    0x00000ff9       0x59 ./SDK/startup/semihost_hardfault.o
 .debug_line    0x00001052      0x6d8 ./SDK/startup/startup_mk64f12.o
 .debug_line    0x0000172a      0x1c7 ./SDK/CMSIS/system_MK64F12.o

.debug_str      0x00000000    0x7ca54
 .debug_str     0x00000000    0x76f9a ./source/App.o
                              0x7711d (size before relaxing)
 .debug_str     0x00076f9a     0x4f65 ./source/gpio.o
                              0x7c154 (size before relaxing)
 .debug_str     0x0007beff      0x1ce ./source/uart_drv.o
                              0x7bf31 (size before relaxing)
 .debug_str     0x0007c0cd      0x11b ./SDK/startup/hardware.o
                              0x771fc (size before relaxing)
 .debug_str     0x0007c1e8       0x1b ./SDK/startup/main.o
                              0x76fd0 (size before relaxing)
 .debug_str     0x0007c203       0x36 ./SDK/startup/semihost_hardfault.o
                               0x2d36 (size before relaxing)
 .debug_str     0x0007c239      0x7b9 ./SDK/startup/startup_mk64f12.o
                               0x35a4 (size before relaxing)
 .debug_str     0x0007c9f2       0x62 ./SDK/CMSIS/system_MK64F12.o
                              0x7710b (size before relaxing)

.comment        0x00000000       0x7e
 .comment       0x00000000       0x7e ./source/App.o
                                 0x7f (size before relaxing)
 .comment       0x0000007e       0x7f ./source/gpio.o
 .comment       0x0000007e       0x7f ./source/uart_drv.o
 .comment       0x0000007e       0x7f ./SDK/startup/hardware.o
 .comment       0x0000007e       0x7f ./SDK/startup/main.o
 .comment       0x0000007e       0x7f ./SDK/startup/semihost_hardfault.o
 .comment       0x0000007e       0x7f ./SDK/startup/startup_mk64f12.o
 .comment       0x0000007e       0x7f ./SDK/CMSIS/system_MK64F12.o

.ARM.attributes
                0x00000000       0x37
 .ARM.attributes
                0x00000000       0x39 ./source/App.o
 .ARM.attributes
                0x00000039       0x39 ./source/gpio.o
 .ARM.attributes
                0x00000072       0x39 ./source/uart_drv.o
 .ARM.attributes
                0x000000ab       0x39 ./SDK/startup/hardware.o
 .ARM.attributes
                0x000000e4       0x39 ./SDK/startup/main.o
 .ARM.attributes
                0x0000011d       0x39 ./SDK/startup/semihost_hardfault.o
 .ARM.attributes
                0x00000156       0x39 ./SDK/startup/startup_mk64f12.o
 .ARM.attributes
                0x0000018f       0x39 ./SDK/CMSIS/system_MK64F12.o

.debug_frame    0x00000000      0xf1c
 .debug_frame   0x00000000       0x78 ./source/App.o
 .debug_frame   0x00000078      0x2f4 ./source/gpio.o
 .debug_frame   0x0000036c      0x17c ./source/uart_drv.o
 .debug_frame   0x000004e8       0x70 ./SDK/startup/hardware.o
 .debug_frame   0x00000558       0x2c ./SDK/startup/main.o
 .debug_frame   0x00000584       0x20 ./SDK/startup/semihost_hardfault.o
 .debug_frame   0x000005a4      0x904 ./SDK/startup/startup_mk64f12.o
 .debug_frame   0x00000ea8       0x74 ./SDK/CMSIS/system_MK64F12.o
